=== MSE-vs-GT eval: VAL split, first 3 episodes, checkpoint-1-5500 ===
Sat Aug 29 09:15:27 PM UTC 2026
main called
Auto-detected tactile_intermediate_size=1536 from training_args.json
Auto-detected n_flare_tokens_per_frame=4 from training_args.json
Auto-detected n_flare_steps=8 from training_args.json
Auto-detected use_tactile_code=1 from training_args.json
Auto-detected vqvae_codebook_size=64 from training_args.json
Auto-detected use_tactile_vqvae=1 from training_args.json
Auto-detected cascaded_total_steps=10 from training_args.json
Auto-detected cascaded_split_step=6 from training_args.json
Processor loaded from: /root/aug31_submission_origami_trex_v1/checkpoints/model/processor
Traceback (most recent call last):
  File "/root/trex_eval/eval_origami.py", line 1051, in <module>
    sys.exit(main())
  File "/root/trex_eval/eval_origami.py", line 735, in main
    model, processor, _ = model_load(load_args)
  File "/root/trex_eval/test.py", line 233, in model_load
    model = _build_qwen3vl_from_config(ckpt_config, args)
  File "/root/trex_eval/test.py", line 109, in _build_qwen3vl_from_config
    model = Qwen3VLVLAModel(
  File "/root/trex_eval/qwen_vla/modeling_vla.py", line 131, in __init__
    from tactile_vqvae.models.tactile_vqvae import (
ModuleNotFoundError: No module named 'tactile_vqvae'
EVAL_VAL_EXIT=1
=== MSE-vs-GT eval: VAL split, first 3 episodes, checkpoint-1-5500 (retry) ===
Sat Aug 29 09:16:12 PM UTC 2026
main called
Auto-detected tactile_intermediate_size=1536 from training_args.json
Auto-detected n_flare_tokens_per_frame=4 from training_args.json
Auto-detected n_flare_steps=8 from training_args.json
Auto-detected use_tactile_code=1 from training_args.json
Auto-detected vqvae_codebook_size=64 from training_args.json
Auto-detected use_tactile_vqvae=1 from training_args.json
Auto-detected cascaded_total_steps=10 from training_args.json
Auto-detected cascaded_split_step=6 from training_args.json
Processor loaded from: /root/aug31_submission_origami_trex_v1/checkpoints/model/processor
  Visual tower created from config
  M-RoPE helper ready.
Checkpoint loaded: missing=0, unexpected=0
Flare prediction: 8 steps × 4 tok/frame = 32 total tokens
[serve] frozen action dims [58, 59] -> delta clamped to 0 (normalisation passthrough dims; see _clamp_frozen)
cascaded flow: 10 steps, split at 6 (tau_split=0.40)
[origami] /root/eval_dataset/data/origami_flat/pilot/val: 52835 samples / 38 episodes / 3 seasons | sample 6.0 Hz, chunk horizon 0.83 s | flare=off
--first_k_episodes 3: 5077 samples from episodes ['data/season_POC22061_2026_05_19_10_18_58_train/ep000.parquet', 'data/season_POC22061_2026_05_19_10_18_58_train/ep001.parquet', 'data/season_POC22061_2026_05_19_10_18_58_train/ep002.parquet']
evaluating 5077 of 52835 samples (3 episodes, 1 held-out seasons)
frozen action dims from norm-stats: [58, 59] (lower_body_joint_1, lower_body_joint_2) -> clamped to delta 0
WARNING: URDF not found at /home/kshitij/origami_trex/north_poc2_2_urdf_usd/north_poc2_2_v3_1.urdf; skipping safety checks
=== MSE-vs-GT eval: VAL split, first 1 episode, checkpoint-1-5500 ===
Sat Aug 29 09:21:21 PM UTC 2026
main called
Auto-detected tactile_intermediate_size=1536 from training_args.json
Auto-detected n_flare_tokens_per_frame=4 from training_args.json
Auto-detected n_flare_steps=8 from training_args.json
Auto-detected use_tactile_code=1 from training_args.json
Auto-detected vqvae_codebook_size=64 from training_args.json
Auto-detected use_tactile_vqvae=1 from training_args.json
Auto-detected cascaded_total_steps=10 from training_args.json
Auto-detected cascaded_split_step=6 from training_args.json
Processor loaded from: /root/aug31_submission_origami_trex_v1/checkpoints/model/processor
  Visual tower created from config
  M-RoPE helper ready.
Checkpoint loaded: missing=0, unexpected=0
Flare prediction: 8 steps × 4 tok/frame = 32 total tokens
[serve] frozen action dims [58, 59] -> delta clamped to 0 (normalisation passthrough dims; see _clamp_frozen)
cascaded flow: 10 steps, split at 6 (tau_split=0.40)
[origami] /root/eval_dataset/data/origami_flat/pilot/val: 52835 samples / 38 episodes / 3 seasons | sample 6.0 Hz, chunk horizon 0.83 s | flare=off
--first_k_episodes 1: 1744 samples from episodes ['data/season_POC22061_2026_05_19_10_18_58_train/ep000.parquet']
evaluating 1744 of 52835 samples (1 episodes, 1 held-out seasons)
frozen action dims from norm-stats: [58, 59] (lower_body_joint_1, lower_body_joint_2) -> clamped to delta 0
WARNING: URDF not found at /home/kshitij/origami_trex/north_poc2_2_urdf_usd/north_poc2_2_v3_1.urdf; skipping safety checks
[progress] batch 1/218 elapsed=0.8s rate=1.30 batch/s eta=167.3s
  8/1744 samples | 2s
[progress] batch 2/218 elapsed=2.4s rate=0.83 batch/s eta=261.3s
[progress] batch 3/218 elapsed=2.9s rate=1.05 batch/s eta=205.5s
[progress] batch 4/218 elapsed=3.3s rate=1.21 batch/s eta=177.6s
[progress] batch 5/218 elapsed=3.8s rate=1.33 batch/s eta=160.5s
[progress] batch 6/218 elapsed=4.2s rate=1.42 batch/s eta=149.2s
[progress] batch 7/218 elapsed=4.7s rate=1.50 batch/s eta=140.9s
[progress] batch 8/218 elapsed=5.1s rate=1.56 batch/s eta=134.6s
[progress] batch 9/218 elapsed=5.6s rate=1.61 batch/s eta=129.8s
[progress] batch 10/218 elapsed=6.0s rate=1.66 batch/s eta=125.7s
[progress] batch 11/218 elapsed=6.5s rate=1.69 batch/s eta=122.2s
[progress] batch 12/218 elapsed=6.9s rate=1.73 batch/s eta=119.2s
[progress] batch 13/218 elapsed=7.4s rate=1.76 batch/s eta=116.6s
[progress] batch 14/218 elapsed=7.8s rate=1.78 batch/s eta=114.3s
[progress] batch 15/218 elapsed=8.3s rate=1.81 batch/s eta=112.3s
[progress] batch 16/218 elapsed=8.7s rate=1.83 batch/s eta=110.4s
[progress] batch 17/218 elapsed=9.2s rate=1.85 batch/s eta=108.8s
[progress] batch 18/218 elapsed=9.7s rate=1.86 batch/s eta=107.5s
[progress] batch 19/218 elapsed=10.1s rate=1.87 batch/s eta=106.2s
[progress] batch 20/218 elapsed=10.6s rate=1.89 batch/s eta=104.9s
[progress] batch 21/218 elapsed=11.1s rate=1.90 batch/s eta=103.8s
  168/1744 samples | 12s
[progress] batch 22/218 elapsed=11.5s rate=1.91 batch/s eta=102.8s
[progress] batch 23/218 elapsed=12.0s rate=1.92 batch/s eta=101.8s
[progress] batch 24/218 elapsed=12.5s rate=1.92 batch/s eta=100.9s
[progress] batch 25/218 elapsed=12.9s rate=1.93 batch/s eta=99.8s
[progress] batch 26/218 elapsed=13.4s rate=1.94 batch/s eta=98.8s
[progress] batch 27/218 elapsed=13.8s rate=1.95 batch/s eta=97.8s
[progress] batch 28/218 elapsed=14.3s rate=1.96 batch/s eta=96.9s
[progress] batch 29/218 elapsed=14.7s rate=1.97 batch/s eta=96.0s
[progress] batch 30/218 elapsed=15.2s rate=1.97 batch/s eta=95.3s
[progress] batch 31/218 elapsed=15.7s rate=1.98 batch/s eta=94.5s
[progress] batch 32/218 elapsed=16.1s rate=1.98 batch/s eta=93.7s
[progress] batch 33/218 elapsed=16.6s rate=1.99 batch/s eta=93.0s
[progress] batch 34/218 elapsed=17.0s rate=2.00 batch/s eta=92.2s
[progress] batch 35/218 elapsed=17.5s rate=2.00 batch/s eta=91.5s
[progress] batch 36/218 elapsed=17.9s rate=2.01 batch/s eta=90.7s
[progress] batch 37/218 elapsed=18.4s rate=2.01 batch/s eta=90.0s
[progress] batch 38/218 elapsed=18.9s rate=2.01 batch/s eta=89.4s
[progress] batch 39/218 elapsed=19.3s rate=2.02 batch/s eta=88.7s
[progress] batch 40/218 elapsed=19.8s rate=2.02 batch/s eta=88.0s
[progress] batch 41/218 elapsed=20.3s rate=2.02 batch/s eta=87.4s
  328/1744 samples | 21s
[progress] batch 42/218 elapsed=20.7s rate=2.03 batch/s eta=86.8s
[progress] batch 43/218 elapsed=21.2s rate=2.03 batch/s eta=86.1s
[progress] batch 44/218 elapsed=21.6s rate=2.04 batch/s eta=85.5s
[progress] batch 45/218 elapsed=22.1s rate=2.04 batch/s eta=84.8s
[progress] batch 46/218 elapsed=22.5s rate=2.04 batch/s eta=84.2s
[progress] batch 47/218 elapsed=23.0s rate=2.04 batch/s eta=83.7s
[progress] batch 48/218 elapsed=23.4s rate=2.05 batch/s eta=83.0s
[progress] batch 49/218 elapsed=23.9s rate=2.05 batch/s eta=82.4s
[progress] batch 50/218 elapsed=24.4s rate=2.05 batch/s eta=81.8s
[progress] batch 51/218 elapsed=24.8s rate=2.06 batch/s eta=81.2s
[progress] batch 52/218 elapsed=25.3s rate=2.06 batch/s eta=80.6s
[progress] batch 53/218 elapsed=25.7s rate=2.06 batch/s eta=80.0s
[progress] batch 54/218 elapsed=26.2s rate=2.06 batch/s eta=79.5s
[progress] batch 55/218 elapsed=26.6s rate=2.07 batch/s eta=78.9s
[progress] batch 56/218 elapsed=27.1s rate=2.07 batch/s eta=78.3s
[progress] batch 57/218 elapsed=27.5s rate=2.07 batch/s eta=77.7s
[progress] batch 58/218 elapsed=28.0s rate=2.07 batch/s eta=77.2s
[progress] batch 59/218 elapsed=28.4s rate=2.08 batch/s eta=76.6s
[progress] batch 60/218 elapsed=28.9s rate=2.08 batch/s eta=76.1s
[progress] batch 61/218 elapsed=29.3s rate=2.08 batch/s eta=75.5s
  488/1744 samples | 30s
[progress] batch 62/218 elapsed=29.8s rate=2.08 batch/s eta=75.0s
[progress] batch 63/218 elapsed=30.2s rate=2.08 batch/s eta=74.4s
[progress] batch 64/218 elapsed=30.7s rate=2.08 batch/s eta=73.9s
[progress] batch 65/218 elapsed=31.2s rate=2.09 batch/s eta=73.4s
[progress] batch 66/218 elapsed=31.6s rate=2.09 batch/s eta=72.8s
[progress] batch 67/218 elapsed=32.1s rate=2.09 batch/s eta=72.3s
[progress] batch 68/218 elapsed=32.5s rate=2.09 batch/s eta=71.8s
[progress] batch 69/218 elapsed=33.0s rate=2.09 batch/s eta=71.3s
[progress] batch 70/218 elapsed=33.5s rate=2.09 batch/s eta=70.7s
[progress] batch 71/218 elapsed=33.9s rate=2.09 batch/s eta=70.2s
[progress] batch 72/218 elapsed=34.4s rate=2.10 batch/s eta=69.7s
[progress] batch 73/218 elapsed=34.8s rate=2.10 batch/s eta=69.2s
[progress] batch 74/218 elapsed=35.3s rate=2.10 batch/s eta=68.6s
[progress] batch 75/218 elapsed=35.7s rate=2.10 batch/s eta=68.1s
[progress] batch 76/218 elapsed=36.2s rate=2.10 batch/s eta=67.6s
[progress] batch 77/218 elapsed=36.6s rate=2.10 batch/s eta=67.1s
[progress] batch 78/218 elapsed=37.1s rate=2.10 batch/s eta=66.5s
[progress] batch 79/218 elapsed=37.5s rate=2.11 batch/s eta=66.0s
[progress] batch 80/218 elapsed=38.0s rate=2.11 batch/s eta=65.5s
[progress] batch 81/218 elapsed=38.4s rate=2.11 batch/s eta=65.0s
  648/1744 samples | 39s
[progress] batch 82/218 elapsed=38.9s rate=2.11 batch/s eta=64.5s
[progress] batch 83/218 elapsed=39.3s rate=2.11 batch/s eta=64.0s
[progress] batch 84/218 elapsed=39.8s rate=2.11 batch/s eta=63.5s
[progress] batch 85/218 elapsed=40.2s rate=2.11 batch/s eta=62.9s
[progress] batch 86/218 elapsed=40.7s rate=2.11 batch/s eta=62.5s
[progress] batch 87/218 elapsed=41.2s rate=2.11 batch/s eta=62.0s
[progress] batch 88/218 elapsed=41.6s rate=2.11 batch/s eta=61.5s
[progress] batch 89/218 elapsed=42.1s rate=2.11 batch/s eta=61.0s
[progress] batch 90/218 elapsed=42.5s rate=2.12 batch/s eta=60.5s
[progress] batch 91/218 elapsed=43.0s rate=2.12 batch/s eta=60.0s
[progress] batch 92/218 elapsed=43.4s rate=2.12 batch/s eta=59.5s
[progress] batch 93/218 elapsed=43.9s rate=2.12 batch/s eta=59.0s
[progress] batch 94/218 elapsed=44.3s rate=2.12 batch/s eta=58.5s
[progress] batch 95/218 elapsed=44.8s rate=2.12 batch/s eta=58.0s
[progress] batch 96/218 elapsed=45.2s rate=2.12 batch/s eta=57.5s
[progress] batch 97/218 elapsed=45.7s rate=2.12 batch/s eta=57.0s
[progress] batch 98/218 elapsed=46.2s rate=2.12 batch/s eta=56.5s
[progress] batch 99/218 elapsed=46.6s rate=2.12 batch/s eta=56.0s
[progress] batch 100/218 elapsed=47.1s rate=2.12 batch/s eta=55.5s
[progress] batch 101/218 elapsed=47.5s rate=2.13 batch/s eta=55.0s
  808/1744 samples | 48s
[progress] batch 102/218 elapsed=48.0s rate=2.13 batch/s eta=54.6s
[progress] batch 103/218 elapsed=48.5s rate=2.13 batch/s eta=54.1s
[progress] batch 104/218 elapsed=48.9s rate=2.13 batch/s eta=53.6s
[progress] batch 105/218 elapsed=49.4s rate=2.13 batch/s eta=53.1s
[progress] batch 106/218 elapsed=49.8s rate=2.13 batch/s eta=52.6s
[progress] batch 107/218 elapsed=50.3s rate=2.13 batch/s eta=52.2s
[progress] batch 108/218 elapsed=50.7s rate=2.13 batch/s eta=51.7s
[progress] batch 109/218 elapsed=51.2s rate=2.13 batch/s eta=51.2s
[progress] batch 110/218 elapsed=51.6s rate=2.13 batch/s eta=50.7s
[progress] batch 111/218 elapsed=52.1s rate=2.13 batch/s eta=50.2s
[progress] batch 112/218 elapsed=52.6s rate=2.13 batch/s eta=49.7s
[progress] batch 113/218 elapsed=53.0s rate=2.13 batch/s eta=49.3s
[progress] batch 114/218 elapsed=53.5s rate=2.13 batch/s eta=48.8s
[progress] batch 115/218 elapsed=53.9s rate=2.13 batch/s eta=48.3s
[progress] batch 116/218 elapsed=54.4s rate=2.13 batch/s eta=47.8s
[progress] batch 117/218 elapsed=54.8s rate=2.13 batch/s eta=47.3s
[progress] batch 118/218 elapsed=55.3s rate=2.13 batch/s eta=46.9s
[progress] batch 119/218 elapsed=55.7s rate=2.13 batch/s eta=46.4s
[progress] batch 120/218 elapsed=56.2s rate=2.14 batch/s eta=45.9s
[progress] batch 121/218 elapsed=56.6s rate=2.14 batch/s eta=45.4s
  968/1744 samples | 57s
[progress] batch 122/218 elapsed=57.1s rate=2.14 batch/s eta=44.9s
[progress] batch 123/218 elapsed=57.5s rate=2.14 batch/s eta=44.4s
[progress] batch 124/218 elapsed=58.0s rate=2.14 batch/s eta=44.0s
[progress] batch 125/218 elapsed=58.5s rate=2.14 batch/s eta=43.5s
[progress] batch 126/218 elapsed=58.9s rate=2.14 batch/s eta=43.0s
[progress] batch 127/218 elapsed=59.4s rate=2.14 batch/s eta=42.5s
[progress] batch 128/218 elapsed=59.8s rate=2.14 batch/s eta=42.1s
[progress] batch 129/218 elapsed=60.3s rate=2.14 batch/s eta=41.6s
[progress] batch 130/218 elapsed=60.7s rate=2.14 batch/s eta=41.1s
[progress] batch 131/218 elapsed=61.2s rate=2.14 batch/s eta=40.6s
[progress] batch 132/218 elapsed=61.6s rate=2.14 batch/s eta=40.2s
[progress] batch 133/218 elapsed=62.1s rate=2.14 batch/s eta=39.7s
[progress] batch 134/218 elapsed=62.5s rate=2.14 batch/s eta=39.2s
[progress] batch 135/218 elapsed=63.0s rate=2.14 batch/s eta=38.7s
[progress] batch 136/218 elapsed=63.5s rate=2.14 batch/s eta=38.3s
[progress] batch 137/218 elapsed=63.9s rate=2.14 batch/s eta=37.8s
[progress] batch 138/218 elapsed=64.4s rate=2.14 batch/s eta=37.3s
[progress] batch 139/218 elapsed=64.8s rate=2.14 batch/s eta=36.8s
[progress] batch 140/218 elapsed=65.3s rate=2.14 batch/s eta=36.4s
[progress] batch 141/218 elapsed=65.7s rate=2.14 batch/s eta=35.9s
  1128/1744 samples | 66s
[progress] batch 142/218 elapsed=66.2s rate=2.15 batch/s eta=35.4s
[progress] batch 143/218 elapsed=66.6s rate=2.15 batch/s eta=35.0s
[progress] batch 144/218 elapsed=67.1s rate=2.15 batch/s eta=34.5s
[progress] batch 145/218 elapsed=67.6s rate=2.15 batch/s eta=34.0s
[progress] batch 146/218 elapsed=68.0s rate=2.15 batch/s eta=33.5s
[progress] batch 147/218 elapsed=68.5s rate=2.15 batch/s eta=33.1s
[progress] batch 148/218 elapsed=68.9s rate=2.15 batch/s eta=32.6s
[progress] batch 149/218 elapsed=69.4s rate=2.15 batch/s eta=32.1s
[progress] batch 150/218 elapsed=69.8s rate=2.15 batch/s eta=31.7s
[progress] batch 151/218 elapsed=70.3s rate=2.15 batch/s eta=31.2s
[progress] batch 152/218 elapsed=70.7s rate=2.15 batch/s eta=30.7s
[progress] batch 153/218 elapsed=71.2s rate=2.15 batch/s eta=30.2s
[progress] batch 154/218 elapsed=71.7s rate=2.15 batch/s eta=29.8s
[progress] batch 155/218 elapsed=72.1s rate=2.15 batch/s eta=29.3s
[progress] batch 156/218 elapsed=72.6s rate=2.15 batch/s eta=28.8s
[progress] batch 157/218 elapsed=73.0s rate=2.15 batch/s eta=28.4s
[progress] batch 158/218 elapsed=73.5s rate=2.15 batch/s eta=27.9s
[progress] batch 159/218 elapsed=74.0s rate=2.15 batch/s eta=27.4s
[progress] batch 160/218 elapsed=74.4s rate=2.15 batch/s eta=27.0s
[progress] batch 161/218 elapsed=74.9s rate=2.15 batch/s eta=26.5s
  1288/1744 samples | 75s
[progress] batch 162/218 elapsed=75.3s rate=2.15 batch/s eta=26.0s
[progress] batch 163/218 elapsed=75.8s rate=2.15 batch/s eta=25.6s
[progress] batch 164/218 elapsed=76.3s rate=2.15 batch/s eta=25.1s
[progress] batch 165/218 elapsed=76.7s rate=2.15 batch/s eta=24.6s
[progress] batch 166/218 elapsed=77.2s rate=2.15 batch/s eta=24.2s
[progress] batch 167/218 elapsed=77.6s rate=2.15 batch/s eta=23.7s
[progress] batch 168/218 elapsed=78.1s rate=2.15 batch/s eta=23.2s
[progress] batch 169/218 elapsed=78.5s rate=2.15 batch/s eta=22.8s
[progress] batch 170/218 elapsed=79.0s rate=2.15 batch/s eta=22.3s
[progress] batch 171/218 elapsed=79.4s rate=2.15 batch/s eta=21.8s
[progress] batch 172/218 elapsed=79.9s rate=2.15 batch/s eta=21.4s
[progress] batch 173/218 elapsed=80.4s rate=2.15 batch/s eta=20.9s
[progress] batch 174/218 elapsed=80.8s rate=2.15 batch/s eta=20.4s
[progress] batch 175/218 elapsed=81.3s rate=2.15 batch/s eta=20.0s
[progress] batch 176/218 elapsed=81.8s rate=2.15 batch/s eta=19.5s
[progress] batch 177/218 elapsed=82.2s rate=2.15 batch/s eta=19.0s
[progress] batch 178/218 elapsed=82.7s rate=2.15 batch/s eta=18.6s
[progress] batch 179/218 elapsed=83.1s rate=2.15 batch/s eta=18.1s
[progress] batch 180/218 elapsed=83.6s rate=2.15 batch/s eta=17.6s
[progress] batch 181/218 elapsed=84.0s rate=2.15 batch/s eta=17.2s
  1448/1744 samples | 84s
[progress] batch 182/218 elapsed=84.5s rate=2.15 batch/s eta=16.7s
[progress] batch 183/218 elapsed=85.0s rate=2.15 batch/s eta=16.2s
[progress] batch 184/218 elapsed=85.4s rate=2.15 batch/s eta=15.8s
[progress] batch 185/218 elapsed=85.9s rate=2.15 batch/s eta=15.3s
[progress] batch 186/218 elapsed=86.3s rate=2.15 batch/s eta=14.9s
[progress] batch 187/218 elapsed=86.8s rate=2.16 batch/s eta=14.4s
[progress] batch 188/218 elapsed=87.2s rate=2.16 batch/s eta=13.9s
[progress] batch 189/218 elapsed=87.7s rate=2.16 batch/s eta=13.5s
[progress] batch 190/218 elapsed=88.1s rate=2.16 batch/s eta=13.0s
[progress] batch 191/218 elapsed=88.6s rate=2.16 batch/s eta=12.5s
[progress] batch 192/218 elapsed=89.0s rate=2.16 batch/s eta=12.1s
[progress] batch 193/218 elapsed=89.5s rate=2.16 batch/s eta=11.6s
[progress] batch 194/218 elapsed=89.9s rate=2.16 batch/s eta=11.1s
[progress] batch 195/218 elapsed=90.4s rate=2.16 batch/s eta=10.7s
[progress] batch 196/218 elapsed=90.9s rate=2.16 batch/s eta=10.2s
[progress] batch 197/218 elapsed=91.3s rate=2.16 batch/s eta=9.7s
[progress] batch 198/218 elapsed=91.8s rate=2.16 batch/s eta=9.3s
[progress] batch 199/218 elapsed=92.2s rate=2.16 batch/s eta=8.8s
[progress] batch 200/218 elapsed=92.7s rate=2.16 batch/s eta=8.3s
[progress] batch 201/218 elapsed=93.1s rate=2.16 batch/s eta=7.9s
  1608/1744 samples | 94s
[progress] batch 202/218 elapsed=93.6s rate=2.16 batch/s eta=7.4s
[progress] batch 203/218 elapsed=94.1s rate=2.16 batch/s eta=6.9s
[progress] batch 204/218 elapsed=94.5s rate=2.16 batch/s eta=6.5s
[progress] batch 205/218 elapsed=95.0s rate=2.16 batch/s eta=6.0s
[progress] batch 206/218 elapsed=95.4s rate=2.16 batch/s eta=5.6s
[progress] batch 207/218 elapsed=95.9s rate=2.16 batch/s eta=5.1s
[progress] batch 208/218 elapsed=96.3s rate=2.16 batch/s eta=4.6s
[progress] batch 209/218 elapsed=96.8s rate=2.16 batch/s eta=4.2s
[progress] batch 210/218 elapsed=97.2s rate=2.16 batch/s eta=3.7s
[progress] batch 211/218 elapsed=97.7s rate=2.16 batch/s eta=3.2s
[progress] batch 212/218 elapsed=98.2s rate=2.16 batch/s eta=2.8s
[progress] batch 213/218 elapsed=98.6s rate=2.16 batch/s eta=2.3s
[progress] batch 214/218 elapsed=99.1s rate=2.16 batch/s eta=1.9s
[progress] batch 215/218 elapsed=99.5s rate=2.16 batch/s eta=1.4s
[progress] batch 216/218 elapsed=100.0s rate=2.16 batch/s eta=0.9s
[progress] batch 217/218 elapsed=100.4s rate=2.16 batch/s eta=0.5s
[progress] batch 218/218 elapsed=100.9s rate=2.16 batch/s eta=0.0s
tracing 1 of 1 held-out episodes
  ep   0 data/season_POC22061_2026_05_19_10_18_58_train/ep000.parquet: 300 contiguous samples

model              MAE(deg)  RMSE(deg)        MSE  MAE contact   unsafe%
--------------------------------------------------------------------------
cascaded              2.270      3.892    0.00461        2.222    0.000%

request latency at batch 1 (ms): vision 18  slow 188  fast 105  total 311 (compute-only, excl. vision: 293)   (kit's pi0.5 replay: ~540 ms/infer)

wrote /root/eval_out/val_1ep/metrics.json, per_joint.csv and 9 plots
EVAL_VAL_EXIT=0
=== MSE-vs-GT eval: TRAIN split, first 1 episode, checkpoint-1-5500 ===
Sat Aug 29 09:24:46 PM UTC 2026
main called
Auto-detected tactile_intermediate_size=1536 from training_args.json
Auto-detected n_flare_tokens_per_frame=4 from training_args.json
Auto-detected n_flare_steps=8 from training_args.json
Auto-detected use_tactile_code=1 from training_args.json
Auto-detected vqvae_codebook_size=64 from training_args.json
Auto-detected use_tactile_vqvae=1 from training_args.json
Auto-detected cascaded_total_steps=10 from training_args.json
Auto-detected cascaded_split_step=6 from training_args.json
Processor loaded from: /root/aug31_submission_origami_trex_v1/checkpoints/model/processor
  Visual tower created from config
  M-RoPE helper ready.
Checkpoint loaded: missing=0, unexpected=0
Flare prediction: 8 steps × 4 tok/frame = 32 total tokens
[serve] frozen action dims [58, 59] -> delta clamped to 0 (normalisation passthrough dims; see _clamp_frozen)
cascaded flow: 10 steps, split at 6 (tau_split=0.40)
[origami] /root/eval_dataset/data/origami_flat/pilot/train: 161045 samples / 97 episodes / 10 seasons | sample 6.0 Hz, chunk horizon 0.83 s | flare=off
--first_k_episodes 1: 2494 samples from episodes ['data/season_POC22032_2026_05_14_19_21_01_train/ep000.parquet']
evaluating 2494 of 161045 samples (1 episodes, 1 held-out seasons)
frozen action dims from norm-stats: [58, 59] (lower_body_joint_1, lower_body_joint_2) -> clamped to delta 0
WARNING: URDF not found at /home/kshitij/origami_trex/north_poc2_2_urdf_usd/north_poc2_2_v3_1.urdf; skipping safety checks
[progress] batch 1/312 elapsed=0.8s rate=1.18 batch/s eta=264.0s
  8/2494 samples | 3s
[progress] batch 2/312 elapsed=2.6s rate=0.76 batch/s eta=408.0s
[progress] batch 3/312 elapsed=3.1s rate=0.97 batch/s eta=319.0s
[progress] batch 4/312 elapsed=3.6s rate=1.13 batch/s eta=273.5s
[progress] batch 5/312 elapsed=4.0s rate=1.25 batch/s eta=245.9s
[progress] batch 6/312 elapsed=4.5s rate=1.34 batch/s eta=227.6s
[progress] batch 7/312 elapsed=4.9s rate=1.42 batch/s eta=214.4s
[progress] batch 8/312 elapsed=5.4s rate=1.49 batch/s eta=204.2s
[progress] batch 9/312 elapsed=5.8s rate=1.54 batch/s eta=196.2s
[progress] batch 10/312 elapsed=6.3s rate=1.59 batch/s eta=189.6s
[progress] batch 11/312 elapsed=6.7s rate=1.63 batch/s eta=184.3s
[progress] batch 12/312 elapsed=7.2s rate=1.66 batch/s eta=180.2s
[progress] batch 13/312 elapsed=7.7s rate=1.70 batch/s eta=176.4s
[progress] batch 14/312 elapsed=8.1s rate=1.72 batch/s eta=173.0s
[progress] batch 15/312 elapsed=8.6s rate=1.75 batch/s eta=170.1s
[progress] batch 16/312 elapsed=9.1s rate=1.77 batch/s eta=167.5s
[progress] batch 17/312 elapsed=9.5s rate=1.79 batch/s eta=165.0s
[progress] batch 18/312 elapsed=10.0s rate=1.81 batch/s eta=162.8s
[progress] batch 19/312 elapsed=10.4s rate=1.82 batch/s eta=160.8s
[progress] batch 20/312 elapsed=10.9s rate=1.84 batch/s eta=159.0s
[progress] batch 21/312 elapsed=11.4s rate=1.85 batch/s eta=157.3s
  168/2494 samples | 12s
[progress] batch 22/312 elapsed=11.8s rate=1.86 batch/s eta=155.7s
[progress] batch 23/312 elapsed=12.3s rate=1.87 batch/s eta=154.3s
[progress] batch 24/312 elapsed=12.8s rate=1.88 batch/s eta=153.1s
[progress] batch 25/312 elapsed=13.2s rate=1.89 batch/s eta=151.8s
[progress] batch 26/312 elapsed=13.7s rate=1.90 batch/s eta=150.6s
[progress] batch 27/312 elapsed=14.1s rate=1.91 batch/s eta=149.3s
[progress] batch 28/312 elapsed=14.6s rate=1.92 batch/s eta=148.1s
[progress] batch 29/312 elapsed=15.1s rate=1.92 batch/s eta=147.0s
[progress] batch 30/312 elapsed=15.5s rate=1.93 batch/s eta=145.9s
[progress] batch 31/312 elapsed=16.0s rate=1.94 batch/s eta=144.8s
[progress] batch 32/312 elapsed=16.4s rate=1.95 batch/s eta=143.8s
[progress] batch 33/312 elapsed=16.9s rate=1.95 batch/s eta=142.9s
[progress] batch 34/312 elapsed=17.4s rate=1.96 batch/s eta=141.9s
[progress] batch 35/312 elapsed=17.8s rate=1.96 batch/s eta=141.0s
[progress] batch 36/312 elapsed=18.3s rate=1.97 batch/s eta=140.0s
[progress] batch 37/312 elapsed=18.7s rate=1.98 batch/s eta=139.1s
[progress] batch 38/312 elapsed=19.2s rate=1.98 batch/s eta=138.4s
[progress] batch 39/312 elapsed=19.7s rate=1.98 batch/s eta=137.6s
[progress] batch 40/312 elapsed=20.1s rate=1.99 batch/s eta=136.8s
[progress] batch 41/312 elapsed=20.6s rate=1.99 batch/s eta=136.0s
  328/2494 samples | 21s
[progress] batch 42/312 elapsed=21.0s rate=2.00 batch/s eta=135.3s
[progress] batch 43/312 elapsed=21.5s rate=2.00 batch/s eta=134.5s
[progress] batch 44/312 elapsed=21.9s rate=2.00 batch/s eta=133.7s
[progress] batch 45/312 elapsed=22.4s rate=2.01 batch/s eta=132.9s
[progress] batch 46/312 elapsed=22.9s rate=2.01 batch/s eta=132.2s
[progress] batch 47/312 elapsed=23.3s rate=2.02 batch/s eta=131.4s
[progress] batch 48/312 elapsed=23.8s rate=2.02 batch/s eta=130.7s
[progress] batch 49/312 elapsed=24.2s rate=2.02 batch/s eta=130.0s
[progress] batch 50/312 elapsed=24.7s rate=2.02 batch/s eta=129.4s
[progress] batch 51/312 elapsed=25.1s rate=2.03 batch/s eta=128.7s
[progress] batch 52/312 elapsed=25.6s rate=2.03 batch/s eta=128.0s
[progress] batch 53/312 elapsed=26.1s rate=2.03 batch/s eta=127.4s
[progress] batch 54/312 elapsed=26.5s rate=2.04 batch/s eta=126.7s
[progress] batch 55/312 elapsed=27.0s rate=2.04 batch/s eta=126.0s
[progress] batch 56/312 elapsed=27.4s rate=2.04 batch/s eta=125.4s
[progress] batch 57/312 elapsed=27.9s rate=2.04 batch/s eta=124.8s
[progress] batch 58/312 elapsed=28.4s rate=2.05 batch/s eta=124.2s
[progress] batch 59/312 elapsed=28.8s rate=2.05 batch/s eta=123.5s
[progress] batch 60/312 elapsed=29.3s rate=2.05 batch/s eta=122.9s
[progress] batch 61/312 elapsed=29.7s rate=2.05 batch/s eta=122.3s
  488/2494 samples | 30s
[progress] batch 62/312 elapsed=30.2s rate=2.05 batch/s eta=121.8s
[progress] batch 63/312 elapsed=30.7s rate=2.06 batch/s eta=121.2s
[progress] batch 64/312 elapsed=31.1s rate=2.06 batch/s eta=120.6s
[progress] batch 65/312 elapsed=31.6s rate=2.06 batch/s eta=120.0s
[progress] batch 66/312 elapsed=32.0s rate=2.06 batch/s eta=119.4s
[progress] batch 67/312 elapsed=32.5s rate=2.06 batch/s eta=118.8s
[progress] batch 68/312 elapsed=32.9s rate=2.06 batch/s eta=118.2s
[progress] batch 69/312 elapsed=33.4s rate=2.07 batch/s eta=117.6s
[progress] batch 70/312 elapsed=33.8s rate=2.07 batch/s eta=117.0s
[progress] batch 71/312 elapsed=34.3s rate=2.07 batch/s eta=116.4s
[progress] batch 72/312 elapsed=34.8s rate=2.07 batch/s eta=115.8s
[progress] batch 73/312 elapsed=35.2s rate=2.07 batch/s eta=115.3s
[progress] batch 74/312 elapsed=35.7s rate=2.08 batch/s eta=114.7s
[progress] batch 75/312 elapsed=36.1s rate=2.08 batch/s eta=114.1s
[progress] batch 76/312 elapsed=36.6s rate=2.08 batch/s eta=113.5s
[progress] batch 77/312 elapsed=37.0s rate=2.08 batch/s eta=113.0s
[progress] batch 78/312 elapsed=37.5s rate=2.08 batch/s eta=112.4s
[progress] batch 79/312 elapsed=37.9s rate=2.08 batch/s eta=111.9s
[progress] batch 80/312 elapsed=38.4s rate=2.08 batch/s eta=111.3s
[progress] batch 81/312 elapsed=38.8s rate=2.09 batch/s eta=110.8s
  648/2494 samples | 39s
[progress] batch 82/312 elapsed=39.3s rate=2.09 batch/s eta=110.2s
[progress] batch 83/312 elapsed=39.8s rate=2.09 batch/s eta=109.7s
[progress] batch 84/312 elapsed=40.2s rate=2.09 batch/s eta=109.1s
[progress] batch 85/312 elapsed=40.7s rate=2.09 batch/s eta=108.6s
[progress] batch 86/312 elapsed=41.1s rate=2.09 batch/s eta=108.1s
[progress] batch 87/312 elapsed=41.6s rate=2.09 batch/s eta=107.5s
[progress] batch 88/312 elapsed=42.0s rate=2.09 batch/s eta=107.0s
[progress] batch 89/312 elapsed=42.5s rate=2.09 batch/s eta=106.5s
[progress] batch 90/312 elapsed=43.0s rate=2.09 batch/s eta=106.0s
[progress] batch 91/312 elapsed=43.4s rate=2.10 batch/s eta=105.4s
[progress] batch 92/312 elapsed=43.9s rate=2.10 batch/s eta=104.9s
[progress] batch 93/312 elapsed=44.3s rate=2.10 batch/s eta=104.4s
[progress] batch 94/312 elapsed=44.8s rate=2.10 batch/s eta=103.9s
[progress] batch 95/312 elapsed=45.2s rate=2.10 batch/s eta=103.3s
[progress] batch 96/312 elapsed=45.7s rate=2.10 batch/s eta=102.8s
[progress] batch 97/312 elapsed=46.2s rate=2.10 batch/s eta=102.3s
[progress] batch 98/312 elapsed=46.6s rate=2.10 batch/s eta=101.8s
[progress] batch 99/312 elapsed=47.1s rate=2.10 batch/s eta=101.3s
[progress] batch 100/312 elapsed=47.5s rate=2.10 batch/s eta=100.8s
[progress] batch 101/312 elapsed=48.0s rate=2.11 batch/s eta=100.2s
  808/2494 samples | 48s
[progress] batch 102/312 elapsed=48.4s rate=2.11 batch/s eta=99.7s
[progress] batch 103/312 elapsed=48.9s rate=2.11 batch/s eta=99.2s
[progress] batch 104/312 elapsed=49.3s rate=2.11 batch/s eta=98.7s
[progress] batch 105/312 elapsed=49.8s rate=2.11 batch/s eta=98.2s
[progress] batch 106/312 elapsed=50.3s rate=2.11 batch/s eta=97.7s
[progress] batch 107/312 elapsed=50.7s rate=2.11 batch/s eta=97.2s
[progress] batch 108/312 elapsed=51.2s rate=2.11 batch/s eta=96.7s
[progress] batch 109/312 elapsed=51.7s rate=2.11 batch/s eta=96.2s
[progress] batch 110/312 elapsed=52.1s rate=2.11 batch/s eta=95.7s
[progress] batch 111/312 elapsed=52.6s rate=2.11 batch/s eta=95.2s
[progress] batch 112/312 elapsed=53.0s rate=2.11 batch/s eta=94.7s
[progress] batch 113/312 elapsed=53.5s rate=2.11 batch/s eta=94.2s
[progress] batch 114/312 elapsed=54.0s rate=2.11 batch/s eta=93.7s
[progress] batch 115/312 elapsed=54.4s rate=2.11 batch/s eta=93.2s
[progress] batch 116/312 elapsed=54.9s rate=2.11 batch/s eta=92.7s
[progress] batch 117/312 elapsed=55.3s rate=2.11 batch/s eta=92.2s
[progress] batch 118/312 elapsed=55.8s rate=2.12 batch/s eta=91.7s
[progress] batch 119/312 elapsed=56.2s rate=2.12 batch/s eta=91.2s
[progress] batch 120/312 elapsed=56.7s rate=2.12 batch/s eta=90.7s
[progress] batch 121/312 elapsed=57.2s rate=2.12 batch/s eta=90.2s
  968/2494 samples | 58s
[progress] batch 122/312 elapsed=57.6s rate=2.12 batch/s eta=89.8s
[progress] batch 123/312 elapsed=58.1s rate=2.12 batch/s eta=89.3s
[progress] batch 124/312 elapsed=58.5s rate=2.12 batch/s eta=88.8s
[progress] batch 125/312 elapsed=59.0s rate=2.12 batch/s eta=88.3s
[progress] batch 126/312 elapsed=59.5s rate=2.12 batch/s eta=87.8s
[progress] batch 127/312 elapsed=59.9s rate=2.12 batch/s eta=87.3s
[progress] batch 128/312 elapsed=60.4s rate=2.12 batch/s eta=86.8s
[progress] batch 129/312 elapsed=60.9s rate=2.12 batch/s eta=86.3s
[progress] batch 130/312 elapsed=61.3s rate=2.12 batch/s eta=85.8s
[progress] batch 131/312 elapsed=61.8s rate=2.12 batch/s eta=85.3s
[progress] batch 132/312 elapsed=62.2s rate=2.12 batch/s eta=84.9s
[progress] batch 133/312 elapsed=62.7s rate=2.12 batch/s eta=84.4s
[progress] batch 134/312 elapsed=63.1s rate=2.12 batch/s eta=83.9s
[progress] batch 135/312 elapsed=63.6s rate=2.12 batch/s eta=83.4s
[progress] batch 136/312 elapsed=64.1s rate=2.12 batch/s eta=82.9s
[progress] batch 137/312 elapsed=64.5s rate=2.12 batch/s eta=82.4s
[progress] batch 138/312 elapsed=65.0s rate=2.12 batch/s eta=81.9s
[progress] batch 139/312 elapsed=65.4s rate=2.12 batch/s eta=81.4s
[progress] batch 140/312 elapsed=65.9s rate=2.13 batch/s eta=80.9s
[progress] batch 141/312 elapsed=66.4s rate=2.13 batch/s eta=80.5s
  1128/2494 samples | 67s
[progress] batch 142/312 elapsed=66.8s rate=2.13 batch/s eta=80.0s
[progress] batch 143/312 elapsed=67.3s rate=2.13 batch/s eta=79.5s
[progress] batch 144/312 elapsed=67.7s rate=2.13 batch/s eta=79.0s
[progress] batch 145/312 elapsed=68.2s rate=2.13 batch/s eta=78.5s
[progress] batch 146/312 elapsed=68.6s rate=2.13 batch/s eta=78.0s
[progress] batch 147/312 elapsed=69.1s rate=2.13 batch/s eta=77.6s
[progress] batch 148/312 elapsed=69.5s rate=2.13 batch/s eta=77.1s
[progress] batch 149/312 elapsed=70.0s rate=2.13 batch/s eta=76.6s
[progress] batch 150/312 elapsed=70.5s rate=2.13 batch/s eta=76.1s
[progress] batch 151/312 elapsed=70.9s rate=2.13 batch/s eta=75.6s
[progress] batch 152/312 elapsed=71.4s rate=2.13 batch/s eta=75.2s
[progress] batch 153/312 elapsed=71.9s rate=2.13 batch/s eta=74.7s
[progress] batch 154/312 elapsed=72.3s rate=2.13 batch/s eta=74.2s
[progress] batch 155/312 elapsed=72.8s rate=2.13 batch/s eta=73.7s
[progress] batch 156/312 elapsed=73.2s rate=2.13 batch/s eta=73.2s
[progress] batch 157/312 elapsed=73.7s rate=2.13 batch/s eta=72.8s
[progress] batch 158/312 elapsed=74.2s rate=2.13 batch/s eta=72.3s
[progress] batch 159/312 elapsed=74.6s rate=2.13 batch/s eta=71.8s
[progress] batch 160/312 elapsed=75.1s rate=2.13 batch/s eta=71.3s
[progress] batch 161/312 elapsed=75.5s rate=2.13 batch/s eta=70.9s
  1288/2494 samples | 76s
[progress] batch 162/312 elapsed=76.0s rate=2.13 batch/s eta=70.4s
[progress] batch 163/312 elapsed=76.5s rate=2.13 batch/s eta=69.9s
[progress] batch 164/312 elapsed=76.9s rate=2.13 batch/s eta=69.4s
[progress] batch 165/312 elapsed=77.4s rate=2.13 batch/s eta=69.0s
[progress] batch 166/312 elapsed=77.9s rate=2.13 batch/s eta=68.5s
[progress] batch 167/312 elapsed=78.3s rate=2.13 batch/s eta=68.0s
[progress] batch 168/312 elapsed=78.8s rate=2.13 batch/s eta=67.5s
[progress] batch 169/312 elapsed=79.3s rate=2.13 batch/s eta=67.1s
[progress] batch 170/312 elapsed=79.7s rate=2.13 batch/s eta=66.6s
[progress] batch 171/312 elapsed=80.2s rate=2.13 batch/s eta=66.1s
[progress] batch 172/312 elapsed=80.7s rate=2.13 batch/s eta=65.7s
[progress] batch 173/312 elapsed=81.1s rate=2.13 batch/s eta=65.2s
[progress] batch 174/312 elapsed=81.6s rate=2.13 batch/s eta=64.7s
[progress] batch 175/312 elapsed=82.1s rate=2.13 batch/s eta=64.2s
[progress] batch 176/312 elapsed=82.5s rate=2.13 batch/s eta=63.8s
[progress] batch 177/312 elapsed=83.0s rate=2.13 batch/s eta=63.3s
[progress] batch 178/312 elapsed=83.4s rate=2.13 batch/s eta=62.8s
[progress] batch 179/312 elapsed=83.9s rate=2.13 batch/s eta=62.3s
[progress] batch 180/312 elapsed=84.3s rate=2.13 batch/s eta=61.9s
[progress] batch 181/312 elapsed=84.8s rate=2.13 batch/s eta=61.4s
  1448/2494 samples | 85s
[progress] batch 182/312 elapsed=85.3s rate=2.13 batch/s eta=60.9s
[progress] batch 183/312 elapsed=85.7s rate=2.13 batch/s eta=60.4s
[progress] batch 184/312 elapsed=86.2s rate=2.13 batch/s eta=60.0s
[progress] batch 185/312 elapsed=86.7s rate=2.13 batch/s eta=59.5s
[progress] batch 186/312 elapsed=87.1s rate=2.13 batch/s eta=59.0s
[progress] batch 187/312 elapsed=87.6s rate=2.14 batch/s eta=58.5s
[progress] batch 188/312 elapsed=88.0s rate=2.14 batch/s eta=58.1s
[progress] batch 189/312 elapsed=88.5s rate=2.14 batch/s eta=57.6s
[progress] batch 190/312 elapsed=89.0s rate=2.14 batch/s eta=57.1s
[progress] batch 191/312 elapsed=89.4s rate=2.14 batch/s eta=56.7s
[progress] batch 192/312 elapsed=89.9s rate=2.14 batch/s eta=56.2s
[progress] batch 193/312 elapsed=90.3s rate=2.14 batch/s eta=55.7s
[progress] batch 194/312 elapsed=90.8s rate=2.14 batch/s eta=55.2s
[progress] batch 195/312 elapsed=91.3s rate=2.14 batch/s eta=54.8s
[progress] batch 196/312 elapsed=91.7s rate=2.14 batch/s eta=54.3s
[progress] batch 197/312 elapsed=92.2s rate=2.14 batch/s eta=53.8s
[progress] batch 198/312 elapsed=92.6s rate=2.14 batch/s eta=53.3s
[progress] batch 199/312 elapsed=93.1s rate=2.14 batch/s eta=52.9s
[progress] batch 200/312 elapsed=93.6s rate=2.14 batch/s eta=52.4s
[progress] batch 201/312 elapsed=94.0s rate=2.14 batch/s eta=51.9s
  1608/2494 samples | 94s
[progress] batch 202/312 elapsed=94.5s rate=2.14 batch/s eta=51.4s
[progress] batch 203/312 elapsed=94.9s rate=2.14 batch/s eta=51.0s
[progress] batch 204/312 elapsed=95.4s rate=2.14 batch/s eta=50.5s
[progress] batch 205/312 elapsed=95.8s rate=2.14 batch/s eta=50.0s
[progress] batch 206/312 elapsed=96.3s rate=2.14 batch/s eta=49.6s
[progress] batch 207/312 elapsed=96.8s rate=2.14 batch/s eta=49.1s
[progress] batch 208/312 elapsed=97.2s rate=2.14 batch/s eta=48.6s
[progress] batch 209/312 elapsed=97.7s rate=2.14 batch/s eta=48.1s
[progress] batch 210/312 elapsed=98.1s rate=2.14 batch/s eta=47.7s
[progress] batch 211/312 elapsed=98.6s rate=2.14 batch/s eta=47.2s
[progress] batch 212/312 elapsed=99.1s rate=2.14 batch/s eta=46.7s
[progress] batch 213/312 elapsed=99.5s rate=2.14 batch/s eta=46.3s
[progress] batch 214/312 elapsed=100.0s rate=2.14 batch/s eta=45.8s
[progress] batch 215/312 elapsed=100.4s rate=2.14 batch/s eta=45.3s
[progress] batch 216/312 elapsed=100.9s rate=2.14 batch/s eta=44.8s
[progress] batch 217/312 elapsed=101.3s rate=2.14 batch/s eta=44.4s
[progress] batch 218/312 elapsed=101.8s rate=2.14 batch/s eta=43.9s
[progress] batch 219/312 elapsed=102.3s rate=2.14 batch/s eta=43.4s
[progress] batch 220/312 elapsed=102.7s rate=2.14 batch/s eta=42.9s
[progress] batch 221/312 elapsed=103.2s rate=2.14 batch/s eta=42.5s
  1768/2494 samples | 104s
[progress] batch 222/312 elapsed=103.6s rate=2.14 batch/s eta=42.0s
[progress] batch 223/312 elapsed=104.1s rate=2.14 batch/s eta=41.5s
[progress] batch 224/312 elapsed=104.5s rate=2.14 batch/s eta=41.1s
[progress] batch 225/312 elapsed=105.0s rate=2.14 batch/s eta=40.6s
[progress] batch 226/312 elapsed=105.5s rate=2.14 batch/s eta=40.1s
[progress] batch 227/312 elapsed=105.9s rate=2.14 batch/s eta=39.7s
[progress] batch 228/312 elapsed=106.4s rate=2.14 batch/s eta=39.2s
[progress] batch 229/312 elapsed=106.8s rate=2.14 batch/s eta=38.7s
[progress] batch 230/312 elapsed=107.3s rate=2.14 batch/s eta=38.3s
[progress] batch 231/312 elapsed=107.8s rate=2.14 batch/s eta=37.8s
[progress] batch 232/312 elapsed=108.2s rate=2.14 batch/s eta=37.3s
[progress] batch 233/312 elapsed=108.7s rate=2.14 batch/s eta=36.8s
[progress] batch 234/312 elapsed=109.1s rate=2.14 batch/s eta=36.4s
[progress] batch 235/312 elapsed=109.6s rate=2.14 batch/s eta=35.9s
[progress] batch 236/312 elapsed=110.1s rate=2.14 batch/s eta=35.5s
[progress] batch 237/312 elapsed=110.6s rate=2.14 batch/s eta=35.0s
[progress] batch 238/312 elapsed=111.0s rate=2.14 batch/s eta=34.5s
[progress] batch 239/312 elapsed=111.5s rate=2.14 batch/s eta=34.1s
[progress] batch 240/312 elapsed=111.9s rate=2.14 batch/s eta=33.6s
[progress] batch 241/312 elapsed=112.4s rate=2.14 batch/s eta=33.1s
  1928/2494 samples | 113s
[progress] batch 242/312 elapsed=112.9s rate=2.14 batch/s eta=32.6s
[progress] batch 243/312 elapsed=113.3s rate=2.14 batch/s eta=32.2s
[progress] batch 244/312 elapsed=113.8s rate=2.14 batch/s eta=31.7s
[progress] batch 245/312 elapsed=114.2s rate=2.14 batch/s eta=31.2s
[progress] batch 246/312 elapsed=114.7s rate=2.14 batch/s eta=30.8s
[progress] batch 247/312 elapsed=115.2s rate=2.14 batch/s eta=30.3s
[progress] batch 248/312 elapsed=115.6s rate=2.14 batch/s eta=29.8s
[progress] batch 249/312 elapsed=116.1s rate=2.15 batch/s eta=29.4s
[progress] batch 250/312 elapsed=116.5s rate=2.15 batch/s eta=28.9s
[progress] batch 251/312 elapsed=117.0s rate=2.15 batch/s eta=28.4s
[progress] batch 252/312 elapsed=117.5s rate=2.15 batch/s eta=28.0s
[progress] batch 253/312 elapsed=117.9s rate=2.15 batch/s eta=27.5s
[progress] batch 254/312 elapsed=118.4s rate=2.15 batch/s eta=27.0s
[progress] batch 255/312 elapsed=118.8s rate=2.15 batch/s eta=26.6s
[progress] batch 256/312 elapsed=119.3s rate=2.15 batch/s eta=26.1s
[progress] batch 257/312 elapsed=119.8s rate=2.15 batch/s eta=25.6s
[progress] batch 258/312 elapsed=120.2s rate=2.15 batch/s eta=25.2s
[progress] batch 259/312 elapsed=120.7s rate=2.15 batch/s eta=24.7s
[progress] batch 260/312 elapsed=121.1s rate=2.15 batch/s eta=24.2s
[progress] batch 261/312 elapsed=121.6s rate=2.15 batch/s eta=23.8s
  2088/2494 samples | 122s
[progress] batch 262/312 elapsed=122.0s rate=2.15 batch/s eta=23.3s
[progress] batch 263/312 elapsed=122.5s rate=2.15 batch/s eta=22.8s
[progress] batch 264/312 elapsed=123.0s rate=2.15 batch/s eta=22.4s
[progress] batch 265/312 elapsed=123.4s rate=2.15 batch/s eta=21.9s
[progress] batch 266/312 elapsed=123.9s rate=2.15 batch/s eta=21.4s
[progress] batch 267/312 elapsed=124.4s rate=2.15 batch/s eta=21.0s
[progress] batch 268/312 elapsed=124.8s rate=2.15 batch/s eta=20.5s
[progress] batch 269/312 elapsed=125.3s rate=2.15 batch/s eta=20.0s
[progress] batch 270/312 elapsed=125.7s rate=2.15 batch/s eta=19.6s
[progress] batch 271/312 elapsed=126.2s rate=2.15 batch/s eta=19.1s
[progress] batch 272/312 elapsed=126.7s rate=2.15 batch/s eta=18.6s
[progress] batch 273/312 elapsed=127.1s rate=2.15 batch/s eta=18.2s
[progress] batch 274/312 elapsed=127.6s rate=2.15 batch/s eta=17.7s
[progress] batch 275/312 elapsed=128.0s rate=2.15 batch/s eta=17.2s
[progress] batch 276/312 elapsed=128.5s rate=2.15 batch/s eta=16.8s
[progress] batch 277/312 elapsed=129.0s rate=2.15 batch/s eta=16.3s
[progress] batch 278/312 elapsed=129.4s rate=2.15 batch/s eta=15.8s
[progress] batch 279/312 elapsed=129.9s rate=2.15 batch/s eta=15.4s
[progress] batch 280/312 elapsed=130.3s rate=2.15 batch/s eta=14.9s
[progress] batch 281/312 elapsed=130.8s rate=2.15 batch/s eta=14.4s
  2248/2494 samples | 131s
[progress] batch 282/312 elapsed=131.2s rate=2.15 batch/s eta=14.0s
[progress] batch 283/312 elapsed=131.7s rate=2.15 batch/s eta=13.5s
[progress] batch 284/312 elapsed=132.2s rate=2.15 batch/s eta=13.0s
[progress] batch 285/312 elapsed=132.6s rate=2.15 batch/s eta=12.6s
[progress] batch 286/312 elapsed=133.1s rate=2.15 batch/s eta=12.1s
[progress] batch 287/312 elapsed=133.5s rate=2.15 batch/s eta=11.6s
[progress] batch 288/312 elapsed=134.0s rate=2.15 batch/s eta=11.2s
[progress] batch 289/312 elapsed=134.5s rate=2.15 batch/s eta=10.7s
[progress] batch 290/312 elapsed=134.9s rate=2.15 batch/s eta=10.2s
[progress] batch 291/312 elapsed=135.4s rate=2.15 batch/s eta=9.8s
[progress] batch 292/312 elapsed=135.8s rate=2.15 batch/s eta=9.3s
[progress] batch 293/312 elapsed=136.3s rate=2.15 batch/s eta=8.8s
[progress] batch 294/312 elapsed=136.7s rate=2.15 batch/s eta=8.4s
[progress] batch 295/312 elapsed=137.2s rate=2.15 batch/s eta=7.9s
[progress] batch 296/312 elapsed=137.7s rate=2.15 batch/s eta=7.4s
[progress] batch 297/312 elapsed=138.1s rate=2.15 batch/s eta=7.0s
[progress] batch 298/312 elapsed=138.6s rate=2.15 batch/s eta=6.5s
[progress] batch 299/312 elapsed=139.0s rate=2.15 batch/s eta=6.0s
[progress] batch 300/312 elapsed=139.5s rate=2.15 batch/s eta=5.6s
[progress] batch 301/312 elapsed=139.9s rate=2.15 batch/s eta=5.1s
  2408/2494 samples | 140s
[progress] batch 302/312 elapsed=140.4s rate=2.15 batch/s eta=4.6s
[progress] batch 303/312 elapsed=140.9s rate=2.15 batch/s eta=4.2s
[progress] batch 304/312 elapsed=141.3s rate=2.15 batch/s eta=3.7s
[progress] batch 305/312 elapsed=141.8s rate=2.15 batch/s eta=3.3s
[progress] batch 306/312 elapsed=142.2s rate=2.15 batch/s eta=2.8s
[progress] batch 307/312 elapsed=142.7s rate=2.15 batch/s eta=2.3s
[progress] batch 308/312 elapsed=143.1s rate=2.15 batch/s eta=1.9s
[progress] batch 309/312 elapsed=143.6s rate=2.15 batch/s eta=1.4s
[progress] batch 310/312 elapsed=144.0s rate=2.15 batch/s eta=0.9s
[progress] batch 311/312 elapsed=144.5s rate=2.15 batch/s eta=0.5s
[progress] batch 312/312 elapsed=144.9s rate=2.15 batch/s eta=0.0s
tracing 1 of 1 held-out episodes
  ep   0 data/season_POC22032_2026_05_14_19_21_01_train/ep000.parquet: 300 contiguous samples

model              MAE(deg)  RMSE(deg)        MSE  MAE contact   unsafe%
--------------------------------------------------------------------------
cascaded              2.258      3.816    0.00444        2.182    0.000%

request latency at batch 1 (ms): vision 17  slow 191  fast 106  total 314 (compute-only, excl. vision: 297)   (kit's pi0.5 replay: ~540 ms/infer)

wrote /root/eval_out/train_1ep/metrics.json, per_joint.csv and 9 plots
EVAL_TRAIN_EXIT=0
